app/dashboard/page.tsx(203,22): error TS2304: Cannot find name 'chatMessages'.
app/dashboard/page.tsx(438,5): error TS2304: Cannot find name 'setChatMessages'.
app/dashboard/page.tsx(438,21): error TS7006: Parameter 'prev' implicitly has an 'any' type.
app/dashboard/page.tsx(442,7): error TS2304: Cannot find name 'setChatMessages'.
app/dashboard/page.tsx(442,23): error TS7006: Parameter 'prev' implicitly has an 'any' type.
app/dashboard/page.tsx(443,28): error TS2304: Cannot find name 'setChatMessages'.
app/dashboard/page.tsx(443,44): error TS7006: Parameter 'prev' implicitly has an 'any' type.
app/dashboard/page.tsx(945,24): error TS2304: Cannot find name 'chatMessages'.
app/dashboard/page.tsx(945,42): error TS7006: Parameter 'msg' implicitly has an 'any' type.
app/dashboard/page.tsx(945,47): error TS7006: Parameter 'index' implicitly has an 'any' type.
app/dashboard/page.tsx(1292,29): error TS2304: Cannot find name 'handleSubmitLeave'.
app/dashboard/page.tsx(1381,292): error TS2304: Cannot find name 'copyToClipboard'.
app/dashboard/page.tsx(1382,335): error TS2304: Cannot find name 'copyToClipboard'.
